// Jest Snapshot v1, https://goo.gl/fbAQLP

exports[`Message: matches snapshot 1`] = `
Object {
  "asFragment": [Function],
  "baseElement": <body>
    <div>
      <div
        class="m-0 p-0 card"
      >
        <div
          class="ContentProfile d-flex flex-row justify-content-start align-items-center card-header"
        >
          <p
            class="ContactProfileTxt m-0 p-0"
          />
        </div>
        <div
          class="Messages card-body"
        >
          <div
            class="Scrollable"
          />
        </div>
        <div
          class="card-footer"
        >
          <form>
            <div
              class="messages_form"
            >
              <textarea
                aria-label="maximum height"
                class="message_text"
                placeholder="Сообщение"
                rows="1"
                style="width: 200px; height: 0px; overflow: hidden;"
              />
              <textarea
                aria-hidden="true"
                class="message_text"
                readonly=""
                style="visibility: hidden; position: absolute; overflow: hidden; height: 0px; top: 0px; left: 0px; transform: translateZ(0); width: 200px; padding: 0px;"
                tabindex="-1"
              />
              <button
                class="MuiButtonBase-root MuiButton-root MuiButton-contained MuiButton-containedPrimary MuiButton-sizeMedium MuiButton-containedSizeMedium MuiButton-root MuiButton-contained MuiButton-containedPrimary MuiButton-sizeMedium MuiButton-containedSizeMedium message_btn css-sghohy-MuiButtonBase-root-MuiButton-root"
                tabindex="0"
                type="submit"
                value=""
              >
                Отправить
                <span
                  class="MuiTouchRipple-root css-8je8zh-MuiTouchRipple-root"
                />
              </button>
            </div>
          </form>
        </div>
      </div>
    </div>
  </body>,
  "container": <div>
    <div
      class="m-0 p-0 card"
    >
      <div
        class="ContentProfile d-flex flex-row justify-content-start align-items-center card-header"
      >
        <p
          class="ContactProfileTxt m-0 p-0"
        />
      </div>
      <div
        class="Messages card-body"
      >
        <div
          class="Scrollable"
        />
      </div>
      <div
        class="card-footer"
      >
        <form>
          <div
            class="messages_form"
          >
            <textarea
              aria-label="maximum height"
              class="message_text"
              placeholder="Сообщение"
              rows="1"
              style="width: 200px; height: 0px; overflow: hidden;"
            />
            <textarea
              aria-hidden="true"
              class="message_text"
              readonly=""
              style="visibility: hidden; position: absolute; overflow: hidden; height: 0px; top: 0px; left: 0px; transform: translateZ(0); width: 200px; padding: 0px;"
              tabindex="-1"
            />
            <button
              class="MuiButtonBase-root MuiButton-root MuiButton-contained MuiButton-containedPrimary MuiButton-sizeMedium MuiButton-containedSizeMedium MuiButton-root MuiButton-contained MuiButton-containedPrimary MuiButton-sizeMedium MuiButton-containedSizeMedium message_btn css-sghohy-MuiButtonBase-root-MuiButton-root"
              tabindex="0"
              type="submit"
              value=""
            >
              Отправить
              <span
                class="MuiTouchRipple-root css-8je8zh-MuiTouchRipple-root"
              />
            </button>
          </div>
        </form>
      </div>
    </div>
  </div>,
  "debug": [Function],
  "findAllByAltText": [Function],
  "findAllByDisplayValue": [Function],
  "findAllByLabelText": [Function],
  "findAllByPlaceholderText": [Function],
  "findAllByRole": [Function],
  "findAllByTestId": [Function],
  "findAllByText": [Function],
  "findAllByTitle": [Function],
  "findByAltText": [Function],
  "findByDisplayValue": [Function],
  "findByLabelText": [Function],
  "findByPlaceholderText": [Function],
  "findByRole": [Function],
  "findByTestId": [Function],
  "findByText": [Function],
  "findByTitle": [Function],
  "getAllByAltText": [Function],
  "getAllByDisplayValue": [Function],
  "getAllByLabelText": [Function],
  "getAllByPlaceholderText": [Function],
  "getAllByRole": [Function],
  "getAllByTestId": [Function],
  "getAllByText": [Function],
  "getAllByTitle": [Function],
  "getByAltText": [Function],
  "getByDisplayValue": [Function],
  "getByLabelText": [Function],
  "getByPlaceholderText": [Function],
  "getByRole": [Function],
  "getByTestId": [Function],
  "getByText": [Function],
  "getByTitle": [Function],
  "queryAllByAltText": [Function],
  "queryAllByDisplayValue": [Function],
  "queryAllByLabelText": [Function],
  "queryAllByPlaceholderText": [Function],
  "queryAllByRole": [Function],
  "queryAllByTestId": [Function],
  "queryAllByText": [Function],
  "queryAllByTitle": [Function],
  "queryByAltText": [Function],
  "queryByDisplayValue": [Function],
  "queryByLabelText": [Function],
  "queryByPlaceholderText": [Function],
  "queryByRole": [Function],
  "queryByTestId": [Function],
  "queryByText": [Function],
  "queryByTitle": [Function],
  "rerender": [Function],
  "unmount": [Function],
}
`;
